---
source: src/cli/tui/ui.rs
expression: "draw(&app, 80, 24)"
---
" flx · grab · done 0.0s                                                         "
" 12 rows                                                                        "
"┌ results · 12/12 · sort arrival ▲ ────────────────────────────────────────────┐"
"│  # IP:PORT                  PROTO          ANON   CC   TYPE              RTT │"
"│  1 203.0.113.1:8000         SOCKS5         -      DE   residential     0.10s │"
"│  2 203.0.113.2:8001         SOCKS5         -      ID   residential     0.15s │"
"│  3 203.0.113.3:8002         SOCKS5         -      DE   residential     0.20s │"
"│  4 203.0.113.4:8003         SOCKS5         -      ID   residential     0.25s │"
"│  5 203.0.1┌ detail ──────────────────────────────────────────────┐     0.30s │"
"│  6 203.0.1│ 203.0.113.1:8000                                     │     0.35s │"
"│  7 203.0.1│ geo         DE · Berlin · asn 15169                  │     0.40s │"
"│  8 203.0.1│ org         Example Networks                         │     0.45s │"
"│  9 203.0.1│ rtt         0.10s · n=1 · min 0.10s max 0.10s        │     0.50s │"
"│ 10 203.0.1│ types       SOCKS5                                   │     0.55s │"
"│ 11 203.0.1└──────────────────────────────────────────────────────┘     0.60s │"
"│ 12 203.0.113.12:8011        SOCKS5         -      ID   residential     0.65s │"
"│                                                                              │"
"│                                                                              │"
"│                                                                              │"
"│                                                                              │"
"│                                                                              │"
"└──────────────────────────────────────────────────────────────────────────────┘"
" s sort  ·  / filter  ·  e export  ·  d detail  ·  r re-run                     "
"                                                                                "
