---
source: src/cli/tui/ui.rs
expression: "draw(&app, 80, 24)"
---
"┌ help 26-47/47 ───────────────────────────────────────────────────────────────┐"
"│                                                                              │"
"│  in a prompt                                                                 │"
"│    enter     submit the prompt                                               │"
"│    esc       abandon the prompt                                              │"
"│    backspace delete one character                                            │"
"│    text      type text; digits type here too                                 │"
"│                                                                              │"
"│  in a confirmation                                                           │"
"│    y         yes, go ahead                                                   │"
"│    n         no; any other key declines                                      │"
"│                                                                              │"
"│  in this help                                                                │"
"│    esc       close this help                                                 │"
"│    ↓/j       scroll down                                                     │"
"│    ↑/k       scroll back up                                                  │"
"│                                                                              │"
"│  notes                                                                       │"
"│    Row numbers follow the view, not the run.                                 │"
"│    The filter is smart-case: lowercase ignores case.                         │"
"│    The mouse scrolls and clicks; Shift selects text.                         │"
"│    Every flag you passed still configures the run.                           │"
"│    Judge health shows only when a judge is down.                             │"
"└──────────────────────────────────────────────────────────────────────────────┘"
