---
source: src/cli/tui/ui.rs
expression: "draw(&app, 100, 20)"
---
" flx · find · running 0.0s                                                                          "
" starting —                                                                                         "
"┌ results · 0/0 · sort arrival ▲ ──────────────────────────────────────────────────────────────────┐"
"│  # IP:PORT                        PROTO          ANON   CC   TYPE         ASN           RTT    N │"
"│                                                                                                  │"
"│                                                                                                  │"
"│                                                                                                  │"
"│                                                                                                  │"
"│                                                                                                  │"
"│                                                                                                  │"
"│                                                                                                  │"
"│                                                                                                  │"
"│                                                                                                  │"
"│                                                                                                  │"
"│                                                                                                  │"
"│                                                                                                  │"
"│                                                                                                  │"
"└──────────────────────────────────────────────────────────────────────────────────────────────────┘"
" p pause  ·  c cancel  ·  s sort  ·  / filter  ·  e export                                          "
"                                                                                                    "
