---
source: src/cli/tui/ui.rs
expression: "draw(&app, 60, 20)"
---
" flx · grab · done 0.0s                                     "
" 8 rows                                                     "
"┌ results · 4/8 · sort country ▲ · filter "ID" ────────────┐"
"│  # IP:PORT               PROTO        ANON CC ▲      RTT │"
"│  1 203.0.113.2:8001      SOCKS5       -    ID      0.15s │"
"│  2 203.0.113.4:8003      SOCKS5       -    ID      0.25s │"
"│  3 203.0.113.6:8005      SOCKS5       -    ID      0.35s │"
"│  4 203.0.113.8:8007      SOCKS5       -    ID      0.45s │"
"│                                                          │"
"│                                                          │"
"│                                                          │"
"│                                                          │"
"│                                                          │"
"│                                                          │"
"│                                                          │"
"│                                                          │"
"│                                                          │"
"└──────────────────────────────────────────────────────────┘"
" s sort  ·  / filter  ·  e export  ·  d detail  ·  r re-run "
"                                                            "
